------
Header
------
Month "missing" - Moth found
Land Class, Calendar Year - Incorrect Order

----------------
Non-Unit Columns
----------------
Land Category Row 16: Unexpected entry "Onfshore"
Calendar Year Row 15: Unexpected Year 2020

-----------
Unit Column
-----------
Commodity Row 2: Unexpected Item - Gas Pro Vol (mcf)
Commodity Row 6: Unexpected Unit for Oil Prod Vol - bb

---------
N/A Check
---------
Missing Volume Row 21